// Jest Snapshot v1, https://goo.gl/fbAQLP

exports[`normalBarBuilder should return a proper bar for every value 1`] = `
Array [
  "",
  "▏",
  "▏",
  "█▎",
  "███▍",
  "█████▌",
  "███████▋",
  "████████▊",
  "██████████",
  "██████████",
]
`;
